// Jest Snapshot v1, https://goo.gl/fbAQLP

exports[`Board renders Board 1`] = `
{
  "asFragment": [Function],
  "baseElement": <body>
    <div>
      <div
        id="diagram-container"
        style="position: relative; grid-area: board;"
        tabindex="1"
      >
        <div
          class="MuiPaper-root MuiPaper-elevation MuiPaper-rounded MuiPaper-elevation0 css-d0t5i1-MuiPaper-root"
          style="--Paper-shadow: none;"
        >
          <div
            aria-label="cursor mode"
            class="MuiToggleButtonGroup-root MuiToggleButtonGroup-horizontal css-1qb8o-MuiToggleButtonGroup-root"
            role="group"
          >
            <button
              aria-label="pointer mode"
              aria-pressed="false"
              class="MuiButtonBase-root MuiToggleButtonGroup-grouped MuiToggleButtonGroup-groupedHorizontal MuiToggleButton-root MuiToggleButton-sizeMedium MuiToggleButton-primary MuiToggleButtonGroup-grouped MuiToggleButtonGroup-groupedHorizontal MuiToggleButtonGroup-firstButton css-w4gp61-MuiButtonBase-root-MuiToggleButton-root"
              tabindex="0"
              type="button"
              value="CURSOR_POINTER"
            >
              <svg
                aria-hidden="true"
                aria-label="Toggle pointer mode - allows you to select components"
                class="MuiSvgIcon-root MuiSvgIcon-fontSizeMedium css-1umw9bq-MuiSvgIcon-root"
                data-mui-internal-clone-element="true"
                data-testid="HighlightAltIcon"
                focusable="false"
                viewBox="0 0 24 24"
              >
                <path
                  d="M17 5h-2V3h2zm-2 16h2v-2.59L19.59 21 21 19.59 18.41 17H21v-2h-6zm4-12h2V7h-2zm0 4h2v-2h-2zm-8 8h2v-2h-2zM7 5h2V3H7zM3 17h2v-2H3zm2 4v-2H3c0 1.1.9 2 2 2M19 3v2h2c0-1.1-.9-2-2-2m-8 2h2V3h-2zM3 9h2V7H3zm4 12h2v-2H7zm-4-8h2v-2H3zm0-8h2V3c-1.1 0-2 .9-2 2"
                />
              </svg>
            </button>
            <button
              aria-label="pan mode"
              aria-pressed="false"
              class="MuiButtonBase-root MuiToggleButtonGroup-grouped MuiToggleButtonGroup-groupedHorizontal MuiToggleButton-root MuiToggleButton-sizeMedium MuiToggleButton-primary MuiToggleButtonGroup-grouped MuiToggleButtonGroup-groupedHorizontal MuiToggleButtonGroup-lastButton css-w4gp61-MuiButtonBase-root-MuiToggleButton-root"
              tabindex="0"
              type="button"
              value="CURSOR_PAN"
            >
              <svg
                aria-hidden="true"
                aria-label="Toggle pan mode - allows you move the diagram. Hint: you can also hold space"
                class="MuiSvgIcon-root MuiSvgIcon-fontSizeMedium css-1umw9bq-MuiSvgIcon-root"
                data-mui-internal-clone-element="true"
                data-testid="PanToolIcon"
                focusable="false"
                viewBox="0 0 24 24"
              >
                <path
                  d="M23 5.5V20c0 2.2-1.8 4-4 4h-7.3c-1.08 0-2.1-.43-2.85-1.19L1 14.83s1.26-1.23 1.3-1.25c.22-.19.49-.29.79-.29.22 0 .42.06.6.16.04.01 4.31 2.46 4.31 2.46V4c0-.83.67-1.5 1.5-1.5S11 3.17 11 4v7h1V1.5c0-.83.67-1.5 1.5-1.5S15 .67 15 1.5V11h1V2.5c0-.83.67-1.5 1.5-1.5s1.5.67 1.5 1.5V11h1V5.5c0-.83.67-1.5 1.5-1.5s1.5.67 1.5 1.5"
                />
              </svg>
            </button>
          </div>
          <div
            class="MuiToggleButtonGroup-root MuiToggleButtonGroup-horizontal css-1qb8o-MuiToggleButtonGroup-root"
            role="group"
          >
            <button
              aria-pressed="false"
              class="MuiButtonBase-root MuiToggleButtonGroup-grouped MuiToggleButtonGroup-groupedHorizontal MuiToggleButton-root MuiToggleButton-sizeMedium MuiToggleButton-primary MuiToggleButtonGroup-grouped MuiToggleButtonGroup-groupedHorizontal MuiToggleButtonGroup-firstButton css-w4gp61-MuiButtonBase-root-MuiToggleButton-root"
              tabindex="0"
              type="button"
              value="zoom-in"
            >
              <svg
                aria-hidden="true"
                class="MuiSvgIcon-root MuiSvgIcon-fontSizeMedium css-1umw9bq-MuiSvgIcon-root"
                data-testid="ZoomInIcon"
                focusable="false"
                viewBox="0 0 24 24"
              >
                <path
                  d="M15.5 14h-.79l-.28-.27C15.41 12.59 16 11.11 16 9.5 16 5.91 13.09 3 9.5 3S3 5.91 3 9.5 5.91 16 9.5 16c1.61 0 3.09-.59 4.23-1.57l.27.28v.79l5 4.99L20.49 19zm-6 0C7.01 14 5 11.99 5 9.5S7.01 5 9.5 5 14 7.01 14 9.5 11.99 14 9.5 14"
                />
                <path
                  d="M12 10h-2v2H9v-2H7V9h2V7h1v2h2z"
                />
              </svg>
            </button>
            <button
              aria-pressed="false"
              class="MuiButtonBase-root MuiToggleButtonGroup-grouped MuiToggleButtonGroup-groupedHorizontal MuiToggleButton-root MuiToggleButton-sizeMedium MuiToggleButton-primary MuiToggleButtonGroup-grouped MuiToggleButtonGroup-groupedHorizontal MuiToggleButtonGroup-middleButton css-w4gp61-MuiButtonBase-root-MuiToggleButton-root"
              tabindex="0"
              type="button"
              value="zoom-out"
            >
              <svg
                aria-hidden="true"
                class="MuiSvgIcon-root MuiSvgIcon-fontSizeMedium css-1umw9bq-MuiSvgIcon-root"
                data-testid="ZoomOutIcon"
                focusable="false"
                viewBox="0 0 24 24"
              >
                <path
                  d="M15.5 14h-.79l-.28-.27C15.41 12.59 16 11.11 16 9.5 16 5.91 13.09 3 9.5 3S3 5.91 3 9.5 5.91 16 9.5 16c1.61 0 3.09-.59 4.23-1.57l.27.28v.79l5 4.99L20.49 19zm-6 0C7.01 14 5 11.99 5 9.5S7.01 5 9.5 5 14 7.01 14 9.5 11.99 14 9.5 14M7 9h5v1H7z"
                />
              </svg>
            </button>
            <button
              aria-pressed="false"
              class="MuiButtonBase-root MuiToggleButtonGroup-grouped MuiToggleButtonGroup-groupedHorizontal MuiToggleButton-root MuiToggleButton-sizeMedium MuiToggleButton-primary MuiToggleButtonGroup-grouped MuiToggleButtonGroup-groupedHorizontal MuiToggleButtonGroup-middleButton css-w4gp61-MuiButtonBase-root-MuiToggleButton-root"
              tabindex="0"
              type="button"
              value="download-image"
            >
              <svg
                aria-hidden="true"
                aria-label="Download as image"
                class="MuiSvgIcon-root MuiSvgIcon-fontSizeMedium css-1umw9bq-MuiSvgIcon-root"
                data-mui-internal-clone-element="true"
                data-testid="ScreenshotMonitorIcon"
                focusable="false"
                value="export-image"
                viewBox="0 0 24 24"
              >
                <path
                  d="M20 3H4c-1.11 0-2 .89-2 2v12c0 1.1.89 2 2 2h4v2h8v-2h4c1.1 0 2-.9 2-2V5c0-1.11-.9-2-2-2m0 14H4V5h16z"
                />
                <path
                  d="M6.5 7.5H9V6H5v4h1.5zM19 12h-1.5v2.5H15V16h4z"
                />
              </svg>
            </button>
            <button
              aria-pressed="true"
              class="MuiButtonBase-root MuiToggleButtonGroup-grouped MuiToggleButtonGroup-groupedHorizontal MuiToggleButton-root Mui-selected MuiToggleButton-sizeMedium MuiToggleButton-primary MuiToggleButtonGroup-grouped MuiToggleButtonGroup-groupedHorizontal MuiToggleButtonGroup-lastButton css-w4gp61-MuiButtonBase-root-MuiToggleButton-root"
              tabindex="0"
              type="button"
              value="validate-model"
            >
              <svg
                aria-hidden="true"
                aria-label="Check the quality of your model"
                class="MuiSvgIcon-root MuiSvgIcon-fontSizeMedium css-1umw9bq-MuiSvgIcon-root"
                data-mui-internal-clone-element="true"
                data-testid="FactCheckIcon"
                focusable="false"
                viewBox="0 0 24 24"
              >
                <path
                  d="M20 3H4c-1.1 0-2 .9-2 2v14c0 1.1.9 2 2 2h16c1.1 0 2-.9 2-2V5c0-1.1-.9-2-2-2M10 17H5v-2h5zm0-4H5v-2h5zm0-4H5V7h5zm4.82 6L12 12.16l1.41-1.41 1.41 1.42L17.99 9l1.42 1.42z"
                  fill-rule="evenodd"
                />
              </svg>
            </button>
          </div>
        </div>
        <div
          class="loading"
        >
          <div />
          <div />
          <div />
          <div />
        </div>
        <div
          class="active-users-overlay"
        >
          <div
            class="active-user-item"
            style="background-color: rgb(0, 170, 85); border: 2px solid; border-color: #00aa55;"
            title="Joakim"
          >
            <img
              alt=""
              src="https://lh3.googleusercontent.com/a-/AOh14GgdymGKjsQ_o2qinWiQHaCV_iUcAkvv29JVOAcy=s96-c"
              width="42"
            />
          </div>
        </div>
      </div>
    </div>
  </body>,
  "container": <div>
    <div
      id="diagram-container"
      style="position: relative; grid-area: board;"
      tabindex="1"
    >
      <div
        class="MuiPaper-root MuiPaper-elevation MuiPaper-rounded MuiPaper-elevation0 css-d0t5i1-MuiPaper-root"
        style="--Paper-shadow: none;"
      >
        <div
          aria-label="cursor mode"
          class="MuiToggleButtonGroup-root MuiToggleButtonGroup-horizontal css-1qb8o-MuiToggleButtonGroup-root"
          role="group"
        >
          <button
            aria-label="pointer mode"
            aria-pressed="false"
            class="MuiButtonBase-root MuiToggleButtonGroup-grouped MuiToggleButtonGroup-groupedHorizontal MuiToggleButton-root MuiToggleButton-sizeMedium MuiToggleButton-primary MuiToggleButtonGroup-grouped MuiToggleButtonGroup-groupedHorizontal MuiToggleButtonGroup-firstButton css-w4gp61-MuiButtonBase-root-MuiToggleButton-root"
            tabindex="0"
            type="button"
            value="CURSOR_POINTER"
          >
            <svg
              aria-hidden="true"
              aria-label="Toggle pointer mode - allows you to select components"
              class="MuiSvgIcon-root MuiSvgIcon-fontSizeMedium css-1umw9bq-MuiSvgIcon-root"
              data-mui-internal-clone-element="true"
              data-testid="HighlightAltIcon"
              focusable="false"
              viewBox="0 0 24 24"
            >
              <path
                d="M17 5h-2V3h2zm-2 16h2v-2.59L19.59 21 21 19.59 18.41 17H21v-2h-6zm4-12h2V7h-2zm0 4h2v-2h-2zm-8 8h2v-2h-2zM7 5h2V3H7zM3 17h2v-2H3zm2 4v-2H3c0 1.1.9 2 2 2M19 3v2h2c0-1.1-.9-2-2-2m-8 2h2V3h-2zM3 9h2V7H3zm4 12h2v-2H7zm-4-8h2v-2H3zm0-8h2V3c-1.1 0-2 .9-2 2"
              />
            </svg>
          </button>
          <button
            aria-label="pan mode"
            aria-pressed="false"
            class="MuiButtonBase-root MuiToggleButtonGroup-grouped MuiToggleButtonGroup-groupedHorizontal MuiToggleButton-root MuiToggleButton-sizeMedium MuiToggleButton-primary MuiToggleButtonGroup-grouped MuiToggleButtonGroup-groupedHorizontal MuiToggleButtonGroup-lastButton css-w4gp61-MuiButtonBase-root-MuiToggleButton-root"
            tabindex="0"
            type="button"
            value="CURSOR_PAN"
          >
            <svg
              aria-hidden="true"
              aria-label="Toggle pan mode - allows you move the diagram. Hint: you can also hold space"
              class="MuiSvgIcon-root MuiSvgIcon-fontSizeMedium css-1umw9bq-MuiSvgIcon-root"
              data-mui-internal-clone-element="true"
              data-testid="PanToolIcon"
              focusable="false"
              viewBox="0 0 24 24"
            >
              <path
                d="M23 5.5V20c0 2.2-1.8 4-4 4h-7.3c-1.08 0-2.1-.43-2.85-1.19L1 14.83s1.26-1.23 1.3-1.25c.22-.19.49-.29.79-.29.22 0 .42.06.6.16.04.01 4.31 2.46 4.31 2.46V4c0-.83.67-1.5 1.5-1.5S11 3.17 11 4v7h1V1.5c0-.83.67-1.5 1.5-1.5S15 .67 15 1.5V11h1V2.5c0-.83.67-1.5 1.5-1.5s1.5.67 1.5 1.5V11h1V5.5c0-.83.67-1.5 1.5-1.5s1.5.67 1.5 1.5"
              />
            </svg>
          </button>
        </div>
        <div
          class="MuiToggleButtonGroup-root MuiToggleButtonGroup-horizontal css-1qb8o-MuiToggleButtonGroup-root"
          role="group"
        >
          <button
            aria-pressed="false"
            class="MuiButtonBase-root MuiToggleButtonGroup-grouped MuiToggleButtonGroup-groupedHorizontal MuiToggleButton-root MuiToggleButton-sizeMedium MuiToggleButton-primary MuiToggleButtonGroup-grouped MuiToggleButtonGroup-groupedHorizontal MuiToggleButtonGroup-firstButton css-w4gp61-MuiButtonBase-root-MuiToggleButton-root"
            tabindex="0"
            type="button"
            value="zoom-in"
          >
            <svg
              aria-hidden="true"
              class="MuiSvgIcon-root MuiSvgIcon-fontSizeMedium css-1umw9bq-MuiSvgIcon-root"
              data-testid="ZoomInIcon"
              focusable="false"
              viewBox="0 0 24 24"
            >
              <path
                d="M15.5 14h-.79l-.28-.27C15.41 12.59 16 11.11 16 9.5 16 5.91 13.09 3 9.5 3S3 5.91 3 9.5 5.91 16 9.5 16c1.61 0 3.09-.59 4.23-1.57l.27.28v.79l5 4.99L20.49 19zm-6 0C7.01 14 5 11.99 5 9.5S7.01 5 9.5 5 14 7.01 14 9.5 11.99 14 9.5 14"
              />
              <path
                d="M12 10h-2v2H9v-2H7V9h2V7h1v2h2z"
              />
            </svg>
          </button>
          <button
            aria-pressed="false"
            class="MuiButtonBase-root MuiToggleButtonGroup-grouped MuiToggleButtonGroup-groupedHorizontal MuiToggleButton-root MuiToggleButton-sizeMedium MuiToggleButton-primary MuiToggleButtonGroup-grouped MuiToggleButtonGroup-groupedHorizontal MuiToggleButtonGroup-middleButton css-w4gp61-MuiButtonBase-root-MuiToggleButton-root"
            tabindex="0"
            type="button"
            value="zoom-out"
          >
            <svg
              aria-hidden="true"
              class="MuiSvgIcon-root MuiSvgIcon-fontSizeMedium css-1umw9bq-MuiSvgIcon-root"
              data-testid="ZoomOutIcon"
              focusable="false"
              viewBox="0 0 24 24"
            >
              <path
                d="M15.5 14h-.79l-.28-.27C15.41 12.59 16 11.11 16 9.5 16 5.91 13.09 3 9.5 3S3 5.91 3 9.5 5.91 16 9.5 16c1.61 0 3.09-.59 4.23-1.57l.27.28v.79l5 4.99L20.49 19zm-6 0C7.01 14 5 11.99 5 9.5S7.01 5 9.5 5 14 7.01 14 9.5 11.99 14 9.5 14M7 9h5v1H7z"
              />
            </svg>
          </button>
          <button
            aria-pressed="false"
            class="MuiButtonBase-root MuiToggleButtonGroup-grouped MuiToggleButtonGroup-groupedHorizontal MuiToggleButton-root MuiToggleButton-sizeMedium MuiToggleButton-primary MuiToggleButtonGroup-grouped MuiToggleButtonGroup-groupedHorizontal MuiToggleButtonGroup-middleButton css-w4gp61-MuiButtonBase-root-MuiToggleButton-root"
            tabindex="0"
            type="button"
            value="download-image"
          >
            <svg
              aria-hidden="true"
              aria-label="Download as image"
              class="MuiSvgIcon-root MuiSvgIcon-fontSizeMedium css-1umw9bq-MuiSvgIcon-root"
              data-mui-internal-clone-element="true"
              data-testid="ScreenshotMonitorIcon"
              focusable="false"
              value="export-image"
              viewBox="0 0 24 24"
            >
              <path
                d="M20 3H4c-1.11 0-2 .89-2 2v12c0 1.1.89 2 2 2h4v2h8v-2h4c1.1 0 2-.9 2-2V5c0-1.11-.9-2-2-2m0 14H4V5h16z"
              />
              <path
                d="M6.5 7.5H9V6H5v4h1.5zM19 12h-1.5v2.5H15V16h4z"
              />
            </svg>
          </button>
          <button
            aria-pressed="true"
            class="MuiButtonBase-root MuiToggleButtonGroup-grouped MuiToggleButtonGroup-groupedHorizontal MuiToggleButton-root Mui-selected MuiToggleButton-sizeMedium MuiToggleButton-primary MuiToggleButtonGroup-grouped MuiToggleButtonGroup-groupedHorizontal MuiToggleButtonGroup-lastButton css-w4gp61-MuiButtonBase-root-MuiToggleButton-root"
            tabindex="0"
            type="button"
            value="validate-model"
          >
            <svg
              aria-hidden="true"
              aria-label="Check the quality of your model"
              class="MuiSvgIcon-root MuiSvgIcon-fontSizeMedium css-1umw9bq-MuiSvgIcon-root"
              data-mui-internal-clone-element="true"
              data-testid="FactCheckIcon"
              focusable="false"
              viewBox="0 0 24 24"
            >
              <path
                d="M20 3H4c-1.1 0-2 .9-2 2v14c0 1.1.9 2 2 2h16c1.1 0 2-.9 2-2V5c0-1.1-.9-2-2-2M10 17H5v-2h5zm0-4H5v-2h5zm0-4H5V7h5zm4.82 6L12 12.16l1.41-1.41 1.41 1.42L17.99 9l1.42 1.42z"
                fill-rule="evenodd"
              />
            </svg>
          </button>
        </div>
      </div>
      <div
        class="loading"
      >
        <div />
        <div />
        <div />
        <div />
      </div>
      <div
        class="active-users-overlay"
      >
        <div
          class="active-user-item"
          style="background-color: rgb(0, 170, 85); border: 2px solid; border-color: #00aa55;"
          title="Joakim"
        >
          <img
            alt=""
            src="https://lh3.googleusercontent.com/a-/AOh14GgdymGKjsQ_o2qinWiQHaCV_iUcAkvv29JVOAcy=s96-c"
            width="42"
          />
        </div>
      </div>
    </div>
  </div>,
  "debug": [Function],
  "findAllByAltText": [Function],
  "findAllByDisplayValue": [Function],
  "findAllByLabelText": [Function],
  "findAllByPlaceholderText": [Function],
  "findAllByRole": [Function],
  "findAllByTestId": [Function],
  "findAllByText": [Function],
  "findAllByTitle": [Function],
  "findByAltText": [Function],
  "findByDisplayValue": [Function],
  "findByLabelText": [Function],
  "findByPlaceholderText": [Function],
  "findByRole": [Function],
  "findByTestId": [Function],
  "findByText": [Function],
  "findByTitle": [Function],
  "getAllByAltText": [Function],
  "getAllByDisplayValue": [Function],
  "getAllByLabelText": [Function],
  "getAllByPlaceholderText": [Function],
  "getAllByRole": [Function],
  "getAllByTestId": [Function],
  "getAllByText": [Function],
  "getAllByTitle": [Function],
  "getByAltText": [Function],
  "getByDisplayValue": [Function],
  "getByLabelText": [Function],
  "getByPlaceholderText": [Function],
  "getByRole": [Function],
  "getByTestId": [Function],
  "getByText": [Function],
  "getByTitle": [Function],
  "queryAllByAltText": [Function],
  "queryAllByDisplayValue": [Function],
  "queryAllByLabelText": [Function],
  "queryAllByPlaceholderText": [Function],
  "queryAllByRole": [Function],
  "queryAllByTestId": [Function],
  "queryAllByText": [Function],
  "queryAllByTitle": [Function],
  "queryByAltText": [Function],
  "queryByDisplayValue": [Function],
  "queryByLabelText": [Function],
  "queryByPlaceholderText": [Function],
  "queryByRole": [Function],
  "queryByTestId": [Function],
  "queryByText": [Function],
  "queryByTitle": [Function],
  "rerender": [Function],
  "unmount": [Function],
}
`;
