// Jest Snapshot v1, https://goo.gl/fbAQLP

exports[`Navbar renders Navbar 1`] = `
{
  "asFragment": [Function],
  "baseElement": <body>
    <div>
      <header
        class="MuiPaper-root MuiPaper-elevation MuiPaper-elevation4 MuiAppBar-root MuiAppBar-colorPrimary MuiAppBar-positionSticky css-179nb9-MuiPaper-root-MuiAppBar-root"
        style="--Paper-shadow: 0px 2px 4px -1px rgba(0,0,0,0.2),0px 4px 5px 0px rgba(0,0,0,0.14),0px 1px 10px 0px rgba(0,0,0,0.12);"
      >
        <div
          class="MuiToolbar-root MuiToolbar-gutters MuiToolbar-regular css-2bfh49-MuiToolbar-root"
        >
          <a
            class="MuiButtonBase-root MuiButton-root MuiButton-text MuiButton-textPrimary MuiButton-sizeMedium MuiButton-textSizeMedium MuiButton-colorPrimary MuiButton-root MuiButton-text MuiButton-textPrimary MuiButton-sizeMedium MuiButton-textSizeMedium MuiButton-colorPrimary css-15jmqrw-MuiButtonBase-root-MuiButton-root"
            href="/"
            tabindex="0"
          >
            <img
              alt="Gram logo"
              height="48"
              src="/gram_logo.svg"
              style="padding-right: 5px; margin-right: 5px;"
            />
            <span
              class="MuiTypography-root MuiTypography-h5 MuiTypography-noWrap css-ry4zf9-MuiTypography-root"
            >
              g
            </span>
            <span
              class="MuiTypography-root MuiTypography-h5 MuiTypography-noWrap css-5jhd90-MuiTypography-root"
            >
              ram
            </span>
          </a>
          <div
            class="css-14iwu3i"
          >
            <div
              class="css-1iz4iln"
            >
              <svg
                aria-hidden="true"
                class="MuiSvgIcon-root MuiSvgIcon-fontSizeMedium css-1umw9bq-MuiSvgIcon-root"
                data-testid="SearchIcon"
                focusable="false"
                viewBox="0 0 24 24"
              >
                <path
                  d="M15.5 14h-.79l-.28-.27C15.41 12.59 16 11.11 16 9.5 16 5.91 13.09 3 9.5 3S3 5.91 3 9.5 5.91 16 9.5 16c1.61 0 3.09-.59 4.23-1.57l.27.28v.79l5 4.99L20.49 19zm-6 0C7.01 14 5 11.99 5 9.5S7.01 5 9.5 5 14 7.01 14 9.5 11.99 14 9.5 14"
                />
              </svg>
            </div>
            <div
              class="MuiInputBase-root MuiInputBase-colorPrimary css-18dj9mr-MuiInputBase-root"
            >
              <input
                aria-label="search"
                class="MuiInputBase-input css-yimnyd-MuiInputBase-input"
                placeholder="Search …"
                type="text"
                value=""
              />
            </div>
          </div>
          <div
            class="MuiBox-root css-15zye3l"
          >
            <span
              class="MuiBadge-root css-63ezxx-MuiBadge-root"
            >
              <a
                class="MuiButtonBase-root MuiButton-root MuiButton-text MuiButton-textPrimary MuiButton-sizeMedium MuiButton-textSizeMedium MuiButton-colorPrimary MuiButton-root MuiButton-text MuiButton-textPrimary MuiButton-sizeMedium MuiButton-textSizeMedium MuiButton-colorPrimary css-n10le1-MuiButtonBase-root-MuiButton-root"
                href="/models"
                tabindex="0"
              >
                My Models
              </a>
              <span
                class="MuiBadge-badge MuiBadge-standard MuiBadge-invisible MuiBadge-anchorOriginTopRight MuiBadge-anchorOriginTopRightCircular MuiBadge-overlapCircular MuiBadge-colorPrimary css-14icvz0-MuiBadge-badge"
              />
            </span>
          </div>
          <div
            class="MuiBox-root css-2uchni"
          >
            <button
              class="MuiButtonBase-root MuiIconButton-root MuiIconButton-sizeMedium css-19x6vip-MuiButtonBase-root-MuiIconButton-root"
              tabindex="0"
              type="button"
            >
              <div
                class="MuiAvatar-root MuiAvatar-circular MuiAvatar-colorDefault css-18k2bs-MuiAvatar-root"
              >
                <svg
                  aria-hidden="true"
                  class="MuiSvgIcon-root MuiSvgIcon-fontSizeMedium MuiAvatar-fallback css-1mo2pzk-MuiSvgIcon-root-MuiAvatar-fallback"
                  data-testid="PersonIcon"
                  focusable="false"
                  viewBox="0 0 24 24"
                >
                  <path
                    d="M12 12c2.21 0 4-1.79 4-4s-1.79-4-4-4-4 1.79-4 4 1.79 4 4 4zm0 2c-2.67 0-8 1.34-8 4v2h16v-2c0-2.66-5.33-4-8-4z"
                  />
                </svg>
              </div>
            </button>
          </div>
        </div>
      </header>
    </div>
    <div
      aria-hidden="true"
      class="MuiPopover-root MuiMenu-root MuiModal-root MuiModal-hidden css-w0u4eq-MuiModal-root-MuiPopover-root-MuiMenu-root"
      id="menu-appbar"
      role="presentation"
    >
      <div
        aria-hidden="true"
        class="MuiBackdrop-root MuiBackdrop-invisible MuiModal-backdrop css-vl6bb4-MuiBackdrop-root-MuiModal-backdrop"
        style="opacity: 0; visibility: hidden;"
      />
      <div
        data-testid="sentinelStart"
        tabindex="-1"
      />
      <div
        class="MuiPaper-root MuiPaper-elevation MuiPaper-rounded MuiPaper-elevation8 MuiPopover-paper MuiMenu-paper MuiMenu-paper css-1tktgsa-MuiPaper-root-MuiPopover-paper-MuiMenu-paper"
        style="--Paper-shadow: 0px 5px 5px -3px rgba(0,0,0,0.2),0px 8px 10px 1px rgba(0,0,0,0.14),0px 3px 14px 2px rgba(0,0,0,0.12); opacity: 0; transform: scale(0.75, 0.5625); visibility: hidden;"
        tabindex="-1"
      >
        <ul
          class="MuiList-root MuiList-padding MuiMenu-list css-1toxriw-MuiList-root-MuiMenu-list"
          role="menu"
          tabindex="-1"
        >
          <li
            class="MuiButtonBase-root MuiMenuItem-root MuiMenuItem-gutters MuiMenuItem-root MuiMenuItem-gutters css-1rju2q6-MuiButtonBase-root-MuiMenuItem-root"
            role="menuitem"
            tabindex="0"
          >
            <p
              class="MuiTypography-root MuiTypography-body1 css-1xrrpwr-MuiTypography-root"
            >
              Logout
            </p>
          </li>
        </ul>
      </div>
      <div
        data-testid="sentinelEnd"
        tabindex="-1"
      />
    </div>
  </body>,
  "container": <div>
    <header
      class="MuiPaper-root MuiPaper-elevation MuiPaper-elevation4 MuiAppBar-root MuiAppBar-colorPrimary MuiAppBar-positionSticky css-179nb9-MuiPaper-root-MuiAppBar-root"
      style="--Paper-shadow: 0px 2px 4px -1px rgba(0,0,0,0.2),0px 4px 5px 0px rgba(0,0,0,0.14),0px 1px 10px 0px rgba(0,0,0,0.12);"
    >
      <div
        class="MuiToolbar-root MuiToolbar-gutters MuiToolbar-regular css-2bfh49-MuiToolbar-root"
      >
        <a
          class="MuiButtonBase-root MuiButton-root MuiButton-text MuiButton-textPrimary MuiButton-sizeMedium MuiButton-textSizeMedium MuiButton-colorPrimary MuiButton-root MuiButton-text MuiButton-textPrimary MuiButton-sizeMedium MuiButton-textSizeMedium MuiButton-colorPrimary css-15jmqrw-MuiButtonBase-root-MuiButton-root"
          href="/"
          tabindex="0"
        >
          <img
            alt="Gram logo"
            height="48"
            src="/gram_logo.svg"
            style="padding-right: 5px; margin-right: 5px;"
          />
          <span
            class="MuiTypography-root MuiTypography-h5 MuiTypography-noWrap css-ry4zf9-MuiTypography-root"
          >
            g
          </span>
          <span
            class="MuiTypography-root MuiTypography-h5 MuiTypography-noWrap css-5jhd90-MuiTypography-root"
          >
            ram
          </span>
        </a>
        <div
          class="css-14iwu3i"
        >
          <div
            class="css-1iz4iln"
          >
            <svg
              aria-hidden="true"
              class="MuiSvgIcon-root MuiSvgIcon-fontSizeMedium css-1umw9bq-MuiSvgIcon-root"
              data-testid="SearchIcon"
              focusable="false"
              viewBox="0 0 24 24"
            >
              <path
                d="M15.5 14h-.79l-.28-.27C15.41 12.59 16 11.11 16 9.5 16 5.91 13.09 3 9.5 3S3 5.91 3 9.5 5.91 16 9.5 16c1.61 0 3.09-.59 4.23-1.57l.27.28v.79l5 4.99L20.49 19zm-6 0C7.01 14 5 11.99 5 9.5S7.01 5 9.5 5 14 7.01 14 9.5 11.99 14 9.5 14"
              />
            </svg>
          </div>
          <div
            class="MuiInputBase-root MuiInputBase-colorPrimary css-18dj9mr-MuiInputBase-root"
          >
            <input
              aria-label="search"
              class="MuiInputBase-input css-yimnyd-MuiInputBase-input"
              placeholder="Search …"
              type="text"
              value=""
            />
          </div>
        </div>
        <div
          class="MuiBox-root css-15zye3l"
        >
          <span
            class="MuiBadge-root css-63ezxx-MuiBadge-root"
          >
            <a
              class="MuiButtonBase-root MuiButton-root MuiButton-text MuiButton-textPrimary MuiButton-sizeMedium MuiButton-textSizeMedium MuiButton-colorPrimary MuiButton-root MuiButton-text MuiButton-textPrimary MuiButton-sizeMedium MuiButton-textSizeMedium MuiButton-colorPrimary css-n10le1-MuiButtonBase-root-MuiButton-root"
              href="/models"
              tabindex="0"
            >
              My Models
            </a>
            <span
              class="MuiBadge-badge MuiBadge-standard MuiBadge-invisible MuiBadge-anchorOriginTopRight MuiBadge-anchorOriginTopRightCircular MuiBadge-overlapCircular MuiBadge-colorPrimary css-14icvz0-MuiBadge-badge"
            />
          </span>
        </div>
        <div
          class="MuiBox-root css-2uchni"
        >
          <button
            class="MuiButtonBase-root MuiIconButton-root MuiIconButton-sizeMedium css-19x6vip-MuiButtonBase-root-MuiIconButton-root"
            tabindex="0"
            type="button"
          >
            <div
              class="MuiAvatar-root MuiAvatar-circular MuiAvatar-colorDefault css-18k2bs-MuiAvatar-root"
            >
              <svg
                aria-hidden="true"
                class="MuiSvgIcon-root MuiSvgIcon-fontSizeMedium MuiAvatar-fallback css-1mo2pzk-MuiSvgIcon-root-MuiAvatar-fallback"
                data-testid="PersonIcon"
                focusable="false"
                viewBox="0 0 24 24"
              >
                <path
                  d="M12 12c2.21 0 4-1.79 4-4s-1.79-4-4-4-4 1.79-4 4 1.79 4 4 4zm0 2c-2.67 0-8 1.34-8 4v2h16v-2c0-2.66-5.33-4-8-4z"
                />
              </svg>
            </div>
          </button>
        </div>
      </div>
    </header>
  </div>,
  "debug": [Function],
  "findAllByAltText": [Function],
  "findAllByDisplayValue": [Function],
  "findAllByLabelText": [Function],
  "findAllByPlaceholderText": [Function],
  "findAllByRole": [Function],
  "findAllByTestId": [Function],
  "findAllByText": [Function],
  "findAllByTitle": [Function],
  "findByAltText": [Function],
  "findByDisplayValue": [Function],
  "findByLabelText": [Function],
  "findByPlaceholderText": [Function],
  "findByRole": [Function],
  "findByTestId": [Function],
  "findByText": [Function],
  "findByTitle": [Function],
  "getAllByAltText": [Function],
  "getAllByDisplayValue": [Function],
  "getAllByLabelText": [Function],
  "getAllByPlaceholderText": [Function],
  "getAllByRole": [Function],
  "getAllByTestId": [Function],
  "getAllByText": [Function],
  "getAllByTitle": [Function],
  "getByAltText": [Function],
  "getByDisplayValue": [Function],
  "getByLabelText": [Function],
  "getByPlaceholderText": [Function],
  "getByRole": [Function],
  "getByTestId": [Function],
  "getByText": [Function],
  "getByTitle": [Function],
  "queryAllByAltText": [Function],
  "queryAllByDisplayValue": [Function],
  "queryAllByLabelText": [Function],
  "queryAllByPlaceholderText": [Function],
  "queryAllByRole": [Function],
  "queryAllByTestId": [Function],
  "queryAllByText": [Function],
  "queryAllByTitle": [Function],
  "queryByAltText": [Function],
  "queryByDisplayValue": [Function],
  "queryByLabelText": [Function],
  "queryByPlaceholderText": [Function],
  "queryByRole": [Function],
  "queryByTestId": [Function],
  "queryByText": [Function],
  "queryByTitle": [Function],
  "rerender": [Function],
  "unmount": [Function],
}
`;
