// Jest Snapshot v1, https://goo.gl/fbAQLP

exports[`UserModels renders 1`] = `
{
  "asFragment": [Function],
  "baseElement": <body>
    <div>
      <div
        class="MuiGrid-root MuiGrid-container css-go2vvz-MuiGrid-root"
      >
        <div
          class="MuiGrid-root MuiGrid-item css-oo6ucr-MuiGrid-root"
        >
          <div
            class="MuiGrid-root MuiGrid-container css-11lq3yg-MuiGrid-root"
          >
            <div
              class="MuiGrid-root MuiGrid-item MuiGrid-grid-xs-6 css-1osj8n2-MuiGrid-root"
            >
              <h5
                class="MuiTypography-root MuiTypography-h5 css-ag7rrr-MuiTypography-root"
              >
                Your Models
              </h5>
              <p
                class="MuiTypography-root MuiTypography-body1 dimmed css-ahj2mt-MuiTypography-root"
              >
                These models are bound to your account and not bound to a specific system.
              </p>
              <br />
              <div
                class="MuiBox-root css-0"
              >
                <a
                  href="/model/new"
                >
                  <button
                    class="MuiButtonBase-root MuiButton-root MuiButton-outlined MuiButton-outlinedPrimary MuiButton-sizeMedium MuiButton-outlinedSizeMedium MuiButton-colorPrimary MuiButton-root MuiButton-outlined MuiButton-outlinedPrimary MuiButton-sizeMedium MuiButton-outlinedSizeMedium MuiButton-colorPrimary css-1rwt2y5-MuiButtonBase-root-MuiButton-root"
                    tabindex="0"
                    type="button"
                  >
                    Create New Model
                    <span
                      class="MuiTouchRipple-root css-8je8zh-MuiTouchRipple-root"
                    />
                  </button>
                </a>
              </div>
              <br />
              <hr
                class="MuiDivider-root MuiDivider-fullWidth css-9mgopn-MuiDivider-root"
              />
              <div
                class="MuiPaper-root MuiPaper-elevation MuiPaper-rounded MuiPaper-elevation1 MuiCard-root css-d5ceyd-MuiPaper-root-MuiCard-root"
              >
                <div
                  class="MuiCardContent-root css-46bh2p-MuiCardContent-root"
                >
                  <div
                    class="loading"
                  >
                    <div />
                    <div />
                    <div />
                    <div />
                  </div>
                  <ul
                    class="MuiList-root MuiList-padding css-h4y409-MuiList-root"
                  >
                    <div
                      class="MuiListItemText-root css-tlelie-MuiListItemText-root"
                    >
                      <span
                        class="MuiTypography-root MuiTypography-body1 MuiListItemText-primary css-10hburv-MuiTypography-root"
                      >
                        No models exist
                      </span>
                    </div>
                  </ul>
                </div>
              </div>
            </div>
          </div>
        </div>
      </div>
    </div>
  </body>,
  "container": <div>
    <div
      class="MuiGrid-root MuiGrid-container css-go2vvz-MuiGrid-root"
    >
      <div
        class="MuiGrid-root MuiGrid-item css-oo6ucr-MuiGrid-root"
      >
        <div
          class="MuiGrid-root MuiGrid-container css-11lq3yg-MuiGrid-root"
        >
          <div
            class="MuiGrid-root MuiGrid-item MuiGrid-grid-xs-6 css-1osj8n2-MuiGrid-root"
          >
            <h5
              class="MuiTypography-root MuiTypography-h5 css-ag7rrr-MuiTypography-root"
            >
              Your Models
            </h5>
            <p
              class="MuiTypography-root MuiTypography-body1 dimmed css-ahj2mt-MuiTypography-root"
            >
              These models are bound to your account and not bound to a specific system.
            </p>
            <br />
            <div
              class="MuiBox-root css-0"
            >
              <a
                href="/model/new"
              >
                <button
                  class="MuiButtonBase-root MuiButton-root MuiButton-outlined MuiButton-outlinedPrimary MuiButton-sizeMedium MuiButton-outlinedSizeMedium MuiButton-colorPrimary MuiButton-root MuiButton-outlined MuiButton-outlinedPrimary MuiButton-sizeMedium MuiButton-outlinedSizeMedium MuiButton-colorPrimary css-1rwt2y5-MuiButtonBase-root-MuiButton-root"
                  tabindex="0"
                  type="button"
                >
                  Create New Model
                  <span
                    class="MuiTouchRipple-root css-8je8zh-MuiTouchRipple-root"
                  />
                </button>
              </a>
            </div>
            <br />
            <hr
              class="MuiDivider-root MuiDivider-fullWidth css-9mgopn-MuiDivider-root"
            />
            <div
              class="MuiPaper-root MuiPaper-elevation MuiPaper-rounded MuiPaper-elevation1 MuiCard-root css-d5ceyd-MuiPaper-root-MuiCard-root"
            >
              <div
                class="MuiCardContent-root css-46bh2p-MuiCardContent-root"
              >
                <div
                  class="loading"
                >
                  <div />
                  <div />
                  <div />
                  <div />
                </div>
                <ul
                  class="MuiList-root MuiList-padding css-h4y409-MuiList-root"
                >
                  <div
                    class="MuiListItemText-root css-tlelie-MuiListItemText-root"
                  >
                    <span
                      class="MuiTypography-root MuiTypography-body1 MuiListItemText-primary css-10hburv-MuiTypography-root"
                    >
                      No models exist
                    </span>
                  </div>
                </ul>
              </div>
            </div>
          </div>
        </div>
      </div>
    </div>
  </div>,
  "debug": [Function],
  "findAllByAltText": [Function],
  "findAllByDisplayValue": [Function],
  "findAllByLabelText": [Function],
  "findAllByPlaceholderText": [Function],
  "findAllByRole": [Function],
  "findAllByTestId": [Function],
  "findAllByText": [Function],
  "findAllByTitle": [Function],
  "findByAltText": [Function],
  "findByDisplayValue": [Function],
  "findByLabelText": [Function],
  "findByPlaceholderText": [Function],
  "findByRole": [Function],
  "findByTestId": [Function],
  "findByText": [Function],
  "findByTitle": [Function],
  "getAllByAltText": [Function],
  "getAllByDisplayValue": [Function],
  "getAllByLabelText": [Function],
  "getAllByPlaceholderText": [Function],
  "getAllByRole": [Function],
  "getAllByTestId": [Function],
  "getAllByText": [Function],
  "getAllByTitle": [Function],
  "getByAltText": [Function],
  "getByDisplayValue": [Function],
  "getByLabelText": [Function],
  "getByPlaceholderText": [Function],
  "getByRole": [Function],
  "getByTestId": [Function],
  "getByText": [Function],
  "getByTitle": [Function],
  "queryAllByAltText": [Function],
  "queryAllByDisplayValue": [Function],
  "queryAllByLabelText": [Function],
  "queryAllByPlaceholderText": [Function],
  "queryAllByRole": [Function],
  "queryAllByTestId": [Function],
  "queryAllByText": [Function],
  "queryAllByTitle": [Function],
  "queryByAltText": [Function],
  "queryByDisplayValue": [Function],
  "queryByLabelText": [Function],
  "queryByPlaceholderText": [Function],
  "queryByRole": [Function],
  "queryByTestId": [Function],
  "queryByText": [Function],
  "queryByTitle": [Function],
  "rerender": [Function],
  "unmount": [Function],
}
`;
