// Jest Snapshot v1, https://goo.gl/fbAQLP

exports[`Search renders Search 1`] = `
{
  "asFragment": [Function],
  "baseElement": <body>
    <div>
      <div
        class="MuiGrid2-root MuiGrid2-container MuiGrid2-direction-xs-row css-12n339t-MuiGrid2-root"
      >
        <div
          class="MuiGrid2-root MuiGrid2-direction-xs-row css-1lqpupi-MuiGrid2-root"
        >
          <div
            class="MuiPaper-root MuiPaper-elevation MuiPaper-rounded MuiPaper-elevation1 MuiCard-root css-1l4o99g-MuiPaper-root-MuiCard-root"
            style="--Paper-shadow: 0px 2px 1px -1px rgba(0,0,0,0.2),0px 1px 1px 0px rgba(0,0,0,0.14),0px 1px 3px 0px rgba(0,0,0,0.12);"
          >
            <div
              class="MuiCardContent-root css-46bh2p-MuiCardContent-root"
            >
              <h5
                class="MuiTypography-root MuiTypography-h5 css-ku7d13-MuiTypography-root"
              >
                Search results for "
                
                "
              </h5>
            </div>
          </div>
          <br />
          <hr
            class="MuiDivider-root MuiDivider-fullWidth css-9mgopn-MuiDivider-root"
          />
          <br />
          <div
            class="loading"
          >
            <div />
            <div />
            <div />
            <div />
          </div>
        </div>
      </div>
    </div>
  </body>,
  "container": <div>
    <div
      class="MuiGrid2-root MuiGrid2-container MuiGrid2-direction-xs-row css-12n339t-MuiGrid2-root"
    >
      <div
        class="MuiGrid2-root MuiGrid2-direction-xs-row css-1lqpupi-MuiGrid2-root"
      >
        <div
          class="MuiPaper-root MuiPaper-elevation MuiPaper-rounded MuiPaper-elevation1 MuiCard-root css-1l4o99g-MuiPaper-root-MuiCard-root"
          style="--Paper-shadow: 0px 2px 1px -1px rgba(0,0,0,0.2),0px 1px 1px 0px rgba(0,0,0,0.14),0px 1px 3px 0px rgba(0,0,0,0.12);"
        >
          <div
            class="MuiCardContent-root css-46bh2p-MuiCardContent-root"
          >
            <h5
              class="MuiTypography-root MuiTypography-h5 css-ku7d13-MuiTypography-root"
            >
              Search results for "
              
              "
            </h5>
          </div>
        </div>
        <br />
        <hr
          class="MuiDivider-root MuiDivider-fullWidth css-9mgopn-MuiDivider-root"
        />
        <br />
        <div
          class="loading"
        >
          <div />
          <div />
          <div />
          <div />
        </div>
      </div>
    </div>
  </div>,
  "debug": [Function],
  "findAllByAltText": [Function],
  "findAllByDisplayValue": [Function],
  "findAllByLabelText": [Function],
  "findAllByPlaceholderText": [Function],
  "findAllByRole": [Function],
  "findAllByTestId": [Function],
  "findAllByText": [Function],
  "findAllByTitle": [Function],
  "findByAltText": [Function],
  "findByDisplayValue": [Function],
  "findByLabelText": [Function],
  "findByPlaceholderText": [Function],
  "findByRole": [Function],
  "findByTestId": [Function],
  "findByText": [Function],
  "findByTitle": [Function],
  "getAllByAltText": [Function],
  "getAllByDisplayValue": [Function],
  "getAllByLabelText": [Function],
  "getAllByPlaceholderText": [Function],
  "getAllByRole": [Function],
  "getAllByTestId": [Function],
  "getAllByText": [Function],
  "getAllByTitle": [Function],
  "getByAltText": [Function],
  "getByDisplayValue": [Function],
  "getByLabelText": [Function],
  "getByPlaceholderText": [Function],
  "getByRole": [Function],
  "getByTestId": [Function],
  "getByText": [Function],
  "getByTitle": [Function],
  "queryAllByAltText": [Function],
  "queryAllByDisplayValue": [Function],
  "queryAllByLabelText": [Function],
  "queryAllByPlaceholderText": [Function],
  "queryAllByRole": [Function],
  "queryAllByTestId": [Function],
  "queryAllByText": [Function],
  "queryAllByTitle": [Function],
  "queryByAltText": [Function],
  "queryByDisplayValue": [Function],
  "queryByLabelText": [Function],
  "queryByPlaceholderText": [Function],
  "queryByRole": [Function],
  "queryByTestId": [Function],
  "queryByText": [Function],
  "queryByTitle": [Function],
  "rerender": [Function],
  "unmount": [Function],
}
`;
